# module: Calc success test
# test: Calc.plus
ok 1
ok 2
ok 3
ok 4
# test: Calc minus
ok 5
ok 6
ok 7
ok 8
# test: Calc plus failed test
not ok 9 - expected: 0, got: 1, test: Calc plus failed test, module: Calc success test, source: at file:///D:/Git/JenkinsQunit/resource/qunit.js:556
#     at file:///D:/Git/JenkinsQunit/test/failed-test.js:3
#     at file:///D:/Git/JenkinsQunit/resource/qunit.js:203
#     at file:///D:/Git/JenkinsQunit/resource/qunit.js:361
#     at process (file:///D:/Git/JenkinsQunit/resource/qunit.js:1453)
#     at file:///D:/Git/JenkinsQunit/resource/qunit.js:479
# test: Calc minus failed test
not ok 10 - expected: 2, got: 1, test: Calc minus failed test, module: Calc success test, source: at file:///D:/Git/JenkinsQunit/resource/qunit.js:556
#     at file:///D:/Git/JenkinsQunit/test/failed-test.js:7
#     at file:///D:/Git/JenkinsQunit/resource/qunit.js:203
#     at file:///D:/Git/JenkinsQunit/resource/qunit.js:361
#     at process (file:///D:/Git/JenkinsQunit/resource/qunit.js:1453)
#     at file:///D:/Git/JenkinsQunit/resource/qunit.js:479
1..10
